// Jest Snapshot v1, https://goo.gl/fbAQLP

exports[`Facet should render correctly 1`] = `
ShallowWrapper {
  Symbol(enzyme.__root__): [Circular],
  Symbol(enzyme.__unrendered__): <Facet
    facetKey="key"
    facetsInfo={
        Array [
            Object {
              "count": 1,
              "display_name": "Licence Ouverte Version 2.0",
              "name": "license-3",
            },
          ]
    }
    onClick={[Function]}
    title="Facet title"
/>,
  Symbol(enzyme.__renderer__): Object {
    "batchedUpdates": [Function],
    "getNode": [Function],
    "render": [Function],
    "simulateEvent": [Function],
    "unmount": [Function],
  },
  Symbol(enzyme.__node__): Object {
    "instance": null,
    "key": undefined,
    "nodeType": "host",
    "props": Object {
      "children": Array [
        <div
          className="card-header bg-secondary text-white"
>
          <h5
                    className="card-title mb-auto"
          >
                    Facet title
          </h5>
</div>,
        <ul
          className="list-group list-group-flush"
>
          <li
                    className="list-group-item d-flex justify-content-between align-items-center"
                    onClick={[Function]}
          >
                    Licence Ouverte Version 2.0
                     
                    <span
                              className="badge badge-primary"
                    >
                              1
                    </span>
          </li>
</ul>,
      ],
      "className": "card my-3",
    },
    "ref": null,
    "rendered": Array [
      Object {
        "instance": null,
        "key": undefined,
        "nodeType": "host",
        "props": Object {
          "children": <h5
            className="card-title mb-auto"
>
            Facet title
</h5>,
          "className": "card-header bg-secondary text-white",
        },
        "ref": null,
        "rendered": Object {
          "instance": null,
          "key": undefined,
          "nodeType": "host",
          "props": Object {
            "children": "Facet title",
            "className": "card-title mb-auto",
          },
          "ref": null,
          "rendered": "Facet title",
          "type": "h5",
        },
        "type": "div",
      },
      Object {
        "instance": null,
        "key": undefined,
        "nodeType": "host",
        "props": Object {
          "children": Array [
            <li
              className="list-group-item d-flex justify-content-between align-items-center"
              onClick={[Function]}
>
              Licence Ouverte Version 2.0
               
              <span
                            className="badge badge-primary"
              >
                            1
              </span>
</li>,
          ],
          "className": "list-group list-group-flush",
        },
        "ref": null,
        "rendered": Array [
          Object {
            "instance": null,
            "key": "0",
            "nodeType": "host",
            "props": Object {
              "children": Array [
                "Licence Ouverte Version 2.0",
                " ",
                <span
                  className="badge badge-primary"
>
                  1
</span>,
              ],
              "className": "list-group-item d-flex justify-content-between align-items-center",
              "onClick": [Function],
            },
            "ref": null,
            "rendered": Array [
              "Licence Ouverte Version 2.0",
              " ",
              Object {
                "instance": null,
                "key": undefined,
                "nodeType": "host",
                "props": Object {
                  "children": 1,
                  "className": "badge badge-primary",
                },
                "ref": null,
                "rendered": 1,
                "type": "span",
              },
            ],
            "type": "li",
          },
        ],
        "type": "ul",
      },
    ],
    "type": "div",
  },
  Symbol(enzyme.__nodes__): Array [
    Object {
      "instance": null,
      "key": undefined,
      "nodeType": "host",
      "props": Object {
        "children": Array [
          <div
            className="card-header bg-secondary text-white"
>
            <h5
                        className="card-title mb-auto"
            >
                        Facet title
            </h5>
</div>,
          <ul
            className="list-group list-group-flush"
>
            <li
                        className="list-group-item d-flex justify-content-between align-items-center"
                        onClick={[Function]}
            >
                        Licence Ouverte Version 2.0
                         
                        <span
                                    className="badge badge-primary"
                        >
                                    1
                        </span>
            </li>
</ul>,
        ],
        "className": "card my-3",
      },
      "ref": null,
      "rendered": Array [
        Object {
          "instance": null,
          "key": undefined,
          "nodeType": "host",
          "props": Object {
            "children": <h5
              className="card-title mb-auto"
>
              Facet title
</h5>,
            "className": "card-header bg-secondary text-white",
          },
          "ref": null,
          "rendered": Object {
            "instance": null,
            "key": undefined,
            "nodeType": "host",
            "props": Object {
              "children": "Facet title",
              "className": "card-title mb-auto",
            },
            "ref": null,
            "rendered": "Facet title",
            "type": "h5",
          },
          "type": "div",
        },
        Object {
          "instance": null,
          "key": undefined,
          "nodeType": "host",
          "props": Object {
            "children": Array [
              <li
                className="list-group-item d-flex justify-content-between align-items-center"
                onClick={[Function]}
>
                Licence Ouverte Version 2.0
                 
                <span
                                className="badge badge-primary"
                >
                                1
                </span>
</li>,
            ],
            "className": "list-group list-group-flush",
          },
          "ref": null,
          "rendered": Array [
            Object {
              "instance": null,
              "key": "0",
              "nodeType": "host",
              "props": Object {
                "children": Array [
                  "Licence Ouverte Version 2.0",
                  " ",
                  <span
                    className="badge badge-primary"
>
                    1
</span>,
                ],
                "className": "list-group-item d-flex justify-content-between align-items-center",
                "onClick": [Function],
              },
              "ref": null,
              "rendered": Array [
                "Licence Ouverte Version 2.0",
                " ",
                Object {
                  "instance": null,
                  "key": undefined,
                  "nodeType": "host",
                  "props": Object {
                    "children": 1,
                    "className": "badge badge-primary",
                  },
                  "ref": null,
                  "rendered": 1,
                  "type": "span",
                },
              ],
              "type": "li",
            },
          ],
          "type": "ul",
        },
      ],
      "type": "div",
    },
  ],
  Symbol(enzyme.__options__): Object {
    "adapter": ReactSixteenAdapter {
      "options": Object {
        "enableComponentDidUpdateOnSetState": true,
        "lifecycles": Object {
          "componentDidUpdate": Object {
            "onSetState": true,
          },
          "getSnapshotBeforeUpdate": true,
        },
      },
    },
    "attachTo": undefined,
    "hydrateIn": undefined,
  },
}
`;
