// Jest Snapshot v1, https://goo.gl/fbAQLP

exports[`SearchBar should render correctly 1`] = `
ShallowWrapper {
  Symbol(enzyme.__root__): [Circular],
  Symbol(enzyme.__unrendered__): <SearchBar />,
  Symbol(enzyme.__renderer__): Object {
    "batchedUpdates": [Function],
    "getNode": [Function],
    "render": [Function],
    "simulateEvent": [Function],
    "unmount": [Function],
  },
  Symbol(enzyme.__node__): Object {
    "instance": null,
    "key": undefined,
    "nodeType": "host",
    "props": Object {
      "children": <Autocomplete
        autoHighlight={false}
        getItemValue={[Function]}
        inputProps={
                Object {
                        "className": "form-control form-control-lg border-0",
                        "id": "datasets-autocomplete",
                        "placeholder": "Search datasets",
                      }
        }
        isItemSelectable={[Function]}
        items={Array []}
        menuStyle={
                Object {
                        "background": "rgba(255, 255, 255, 0.9)",
                        "borderRadius": "3px",
                        "boxShadow": "0 2px 12px rgba(0, 0, 0, 0.1)",
                        "fontSize": "90%",
                        "maxHeight": "50%",
                        "overflow": "auto",
                        "padding": "2px 0",
                        "position": "fixed",
                      }
        }
        onChange={[Function]}
        onMenuVisibilityChange={[Function]}
        onSelect={[Function]}
        open={false}
        renderInput={[Function]}
        renderItem={[Function]}
        renderMenu={[Function]}
        selectOnBlur={false}
        value=""
        wrapperProps={Object {}}
        wrapperStyle={
                Object {
                        "position": "relative",
                      }
        }
/>,
      "className": "my-5",
      "onSubmit": [Function],
    },
    "ref": null,
    "rendered": Object {
      "instance": null,
      "key": undefined,
      "nodeType": "class",
      "props": Object {
        "autoHighlight": false,
        "getItemValue": [Function],
        "inputProps": Object {
          "className": "form-control form-control-lg border-0",
          "id": "datasets-autocomplete",
          "placeholder": "Search datasets",
        },
        "isItemSelectable": [Function],
        "items": Array [],
        "menuStyle": Object {
          "background": "rgba(255, 255, 255, 0.9)",
          "borderRadius": "3px",
          "boxShadow": "0 2px 12px rgba(0, 0, 0, 0.1)",
          "fontSize": "90%",
          "maxHeight": "50%",
          "overflow": "auto",
          "padding": "2px 0",
          "position": "fixed",
        },
        "onChange": [Function],
        "onMenuVisibilityChange": [Function],
        "onSelect": [Function],
        "open": false,
        "renderInput": [Function],
        "renderItem": [Function],
        "renderMenu": [Function],
        "selectOnBlur": false,
        "value": "",
        "wrapperProps": Object {},
        "wrapperStyle": Object {
          "position": "relative",
        },
      },
      "ref": null,
      "rendered": null,
      "type": [Function],
    },
    "type": "form",
  },
  Symbol(enzyme.__nodes__): Array [
    Object {
      "instance": null,
      "key": undefined,
      "nodeType": "host",
      "props": Object {
        "children": <Autocomplete
          autoHighlight={false}
          getItemValue={[Function]}
          inputProps={
                    Object {
                              "className": "form-control form-control-lg border-0",
                              "id": "datasets-autocomplete",
                              "placeholder": "Search datasets",
                            }
          }
          isItemSelectable={[Function]}
          items={Array []}
          menuStyle={
                    Object {
                              "background": "rgba(255, 255, 255, 0.9)",
                              "borderRadius": "3px",
                              "boxShadow": "0 2px 12px rgba(0, 0, 0, 0.1)",
                              "fontSize": "90%",
                              "maxHeight": "50%",
                              "overflow": "auto",
                              "padding": "2px 0",
                              "position": "fixed",
                            }
          }
          onChange={[Function]}
          onMenuVisibilityChange={[Function]}
          onSelect={[Function]}
          open={false}
          renderInput={[Function]}
          renderItem={[Function]}
          renderMenu={[Function]}
          selectOnBlur={false}
          value=""
          wrapperProps={Object {}}
          wrapperStyle={
                    Object {
                              "position": "relative",
                            }
          }
/>,
        "className": "my-5",
        "onSubmit": [Function],
      },
      "ref": null,
      "rendered": Object {
        "instance": null,
        "key": undefined,
        "nodeType": "class",
        "props": Object {
          "autoHighlight": false,
          "getItemValue": [Function],
          "inputProps": Object {
            "className": "form-control form-control-lg border-0",
            "id": "datasets-autocomplete",
            "placeholder": "Search datasets",
          },
          "isItemSelectable": [Function],
          "items": Array [],
          "menuStyle": Object {
            "background": "rgba(255, 255, 255, 0.9)",
            "borderRadius": "3px",
            "boxShadow": "0 2px 12px rgba(0, 0, 0, 0.1)",
            "fontSize": "90%",
            "maxHeight": "50%",
            "overflow": "auto",
            "padding": "2px 0",
            "position": "fixed",
          },
          "onChange": [Function],
          "onMenuVisibilityChange": [Function],
          "onSelect": [Function],
          "open": false,
          "renderInput": [Function],
          "renderItem": [Function],
          "renderMenu": [Function],
          "selectOnBlur": false,
          "value": "",
          "wrapperProps": Object {},
          "wrapperStyle": Object {
            "position": "relative",
          },
        },
        "ref": null,
        "rendered": null,
        "type": [Function],
      },
      "type": "form",
    },
  ],
  Symbol(enzyme.__options__): Object {
    "adapter": ReactSixteenAdapter {
      "options": Object {
        "enableComponentDidUpdateOnSetState": true,
        "lifecycles": Object {
          "componentDidUpdate": Object {
            "onSetState": true,
          },
          "getSnapshotBeforeUpdate": true,
        },
      },
    },
    "attachTo": undefined,
    "hydrateIn": undefined,
  },
}
`;
