// Jest Snapshot v1, https://goo.gl/fbAQLP

exports[`App should render correctly 1`] = `
ShallowWrapper {
  Symbol(enzyme.__root__): [Circular],
  Symbol(enzyme.__unrendered__): <App />,
  Symbol(enzyme.__renderer__): Object {
    "batchedUpdates": [Function],
    "getNode": [Function],
    "render": [Function],
    "simulateEvent": [Function],
    "unmount": [Function],
  },
  Symbol(enzyme.__node__): Object {
    "instance": null,
    "key": undefined,
    "nodeType": "host",
    "props": Object {
      "children": Array [
        <div
          className="bg-secondary"
>
          <div
                    className="container-fluid"
          >
                    <div
                              className="row"
                    >
                              <div
                                        className="col-lg-10 offset-lg-1"
                              >
                                        <Connect(DatasetSearchBar) />
                              </div>
                    </div>
          </div>
</div>,
        <div
          className="container-fluid my-5"
>
          <div
                    className="row"
          >
                    <div
                              className="col-lg-10 offset-lg-1"
                    >
                              <div
                                        className="row"
                              >
                                        <div
                                                  className="col-lg-8"
                                        >
                                                  <div
                                                            className="d-flex justify-content-between"
                                                  >
                                                            <Connect(TotalDatasets) />
                                                            <Connect(DatasetsPerPage) />
                                                  </div>
                                                  <Connect(DatasetInfoList) />
                                                  <nav
                                                            className="my-5"
                                                  >
                                                            <Connect(Pagination) />
                                                  </nav>
                                        </div>
                                        <div
                                                  className="col-lg-4"
                                        >
                                                  <Connect(DatasetSort) />
                                                  <Connect(FacetList) />
                                        </div>
                              </div>
                    </div>
          </div>
</div>,
      ],
      "className": "App",
    },
    "ref": null,
    "rendered": Array [
      Object {
        "instance": null,
        "key": undefined,
        "nodeType": "host",
        "props": Object {
          "children": <div
            className="container-fluid"
>
            <div
                        className="row"
            >
                        <div
                                    className="col-lg-10 offset-lg-1"
                        >
                                    <Connect(DatasetSearchBar) />
                        </div>
            </div>
</div>,
          "className": "bg-secondary",
        },
        "ref": null,
        "rendered": Object {
          "instance": null,
          "key": undefined,
          "nodeType": "host",
          "props": Object {
            "children": <div
              className="row"
>
              <div
                            className="col-lg-10 offset-lg-1"
              >
                            <Connect(DatasetSearchBar) />
              </div>
</div>,
            "className": "container-fluid",
          },
          "ref": null,
          "rendered": Object {
            "instance": null,
            "key": undefined,
            "nodeType": "host",
            "props": Object {
              "children": <div
                className="col-lg-10 offset-lg-1"
>
                <Connect(DatasetSearchBar) />
</div>,
              "className": "row",
            },
            "ref": null,
            "rendered": Object {
              "instance": null,
              "key": undefined,
              "nodeType": "host",
              "props": Object {
                "children": <Connect(DatasetSearchBar) />,
                "className": "col-lg-10 offset-lg-1",
              },
              "ref": null,
              "rendered": Object {
                "instance": null,
                "key": undefined,
                "nodeType": "class",
                "props": Object {},
                "ref": null,
                "rendered": null,
                "type": [Function],
              },
              "type": "div",
            },
            "type": "div",
          },
          "type": "div",
        },
        "type": "div",
      },
      Object {
        "instance": null,
        "key": undefined,
        "nodeType": "host",
        "props": Object {
          "children": <div
            className="row"
>
            <div
                        className="col-lg-10 offset-lg-1"
            >
                        <div
                                    className="row"
                        >
                                    <div
                                                className="col-lg-8"
                                    >
                                                <div
                                                            className="d-flex justify-content-between"
                                                >
                                                            <Connect(TotalDatasets) />
                                                            <Connect(DatasetsPerPage) />
                                                </div>
                                                <Connect(DatasetInfoList) />
                                                <nav
                                                            className="my-5"
                                                >
                                                            <Connect(Pagination) />
                                                </nav>
                                    </div>
                                    <div
                                                className="col-lg-4"
                                    >
                                                <Connect(DatasetSort) />
                                                <Connect(FacetList) />
                                    </div>
                        </div>
            </div>
</div>,
          "className": "container-fluid my-5",
        },
        "ref": null,
        "rendered": Object {
          "instance": null,
          "key": undefined,
          "nodeType": "host",
          "props": Object {
            "children": <div
              className="col-lg-10 offset-lg-1"
>
              <div
                            className="row"
              >
                            <div
                                          className="col-lg-8"
                            >
                                          <div
                                                        className="d-flex justify-content-between"
                                          >
                                                        <Connect(TotalDatasets) />
                                                        <Connect(DatasetsPerPage) />
                                          </div>
                                          <Connect(DatasetInfoList) />
                                          <nav
                                                        className="my-5"
                                          >
                                                        <Connect(Pagination) />
                                          </nav>
                            </div>
                            <div
                                          className="col-lg-4"
                            >
                                          <Connect(DatasetSort) />
                                          <Connect(FacetList) />
                            </div>
              </div>
</div>,
            "className": "row",
          },
          "ref": null,
          "rendered": Object {
            "instance": null,
            "key": undefined,
            "nodeType": "host",
            "props": Object {
              "children": <div
                className="row"
>
                <div
                                className="col-lg-8"
                >
                                <div
                                                className="d-flex justify-content-between"
                                >
                                                <Connect(TotalDatasets) />
                                                <Connect(DatasetsPerPage) />
                                </div>
                                <Connect(DatasetInfoList) />
                                <nav
                                                className="my-5"
                                >
                                                <Connect(Pagination) />
                                </nav>
                </div>
                <div
                                className="col-lg-4"
                >
                                <Connect(DatasetSort) />
                                <Connect(FacetList) />
                </div>
</div>,
              "className": "col-lg-10 offset-lg-1",
            },
            "ref": null,
            "rendered": Object {
              "instance": null,
              "key": undefined,
              "nodeType": "host",
              "props": Object {
                "children": Array [
                  <div
                    className="col-lg-8"
>
                    <div
                                        className="d-flex justify-content-between"
                    >
                                        <Connect(TotalDatasets) />
                                        <Connect(DatasetsPerPage) />
                    </div>
                    <Connect(DatasetInfoList) />
                    <nav
                                        className="my-5"
                    >
                                        <Connect(Pagination) />
                    </nav>
</div>,
                  <div
                    className="col-lg-4"
>
                    <Connect(DatasetSort) />
                    <Connect(FacetList) />
</div>,
                ],
                "className": "row",
              },
              "ref": null,
              "rendered": Array [
                Object {
                  "instance": null,
                  "key": undefined,
                  "nodeType": "host",
                  "props": Object {
                    "children": Array [
                      <div
                        className="d-flex justify-content-between"
>
                        <Connect(TotalDatasets) />
                        <Connect(DatasetsPerPage) />
</div>,
                      <Connect(DatasetInfoList) />,
                      <nav
                        className="my-5"
>
                        <Connect(Pagination) />
</nav>,
                    ],
                    "className": "col-lg-8",
                  },
                  "ref": null,
                  "rendered": Array [
                    Object {
                      "instance": null,
                      "key": undefined,
                      "nodeType": "host",
                      "props": Object {
                        "children": Array [
                          <Connect(TotalDatasets) />,
                          <Connect(DatasetsPerPage) />,
                        ],
                        "className": "d-flex justify-content-between",
                      },
                      "ref": null,
                      "rendered": Array [
                        Object {
                          "instance": null,
                          "key": undefined,
                          "nodeType": "class",
                          "props": Object {},
                          "ref": null,
                          "rendered": null,
                          "type": [Function],
                        },
                        Object {
                          "instance": null,
                          "key": undefined,
                          "nodeType": "class",
                          "props": Object {},
                          "ref": null,
                          "rendered": null,
                          "type": [Function],
                        },
                      ],
                      "type": "div",
                    },
                    Object {
                      "instance": null,
                      "key": undefined,
                      "nodeType": "class",
                      "props": Object {},
                      "ref": null,
                      "rendered": null,
                      "type": [Function],
                    },
                    Object {
                      "instance": null,
                      "key": undefined,
                      "nodeType": "host",
                      "props": Object {
                        "children": <Connect(Pagination) />,
                        "className": "my-5",
                      },
                      "ref": null,
                      "rendered": Object {
                        "instance": null,
                        "key": undefined,
                        "nodeType": "class",
                        "props": Object {},
                        "ref": null,
                        "rendered": null,
                        "type": [Function],
                      },
                      "type": "nav",
                    },
                  ],
                  "type": "div",
                },
                Object {
                  "instance": null,
                  "key": undefined,
                  "nodeType": "host",
                  "props": Object {
                    "children": Array [
                      <Connect(DatasetSort) />,
                      <Connect(FacetList) />,
                    ],
                    "className": "col-lg-4",
                  },
                  "ref": null,
                  "rendered": Array [
                    Object {
                      "instance": null,
                      "key": undefined,
                      "nodeType": "class",
                      "props": Object {},
                      "ref": null,
                      "rendered": null,
                      "type": [Function],
                    },
                    Object {
                      "instance": null,
                      "key": undefined,
                      "nodeType": "class",
                      "props": Object {},
                      "ref": null,
                      "rendered": null,
                      "type": [Function],
                    },
                  ],
                  "type": "div",
                },
              ],
              "type": "div",
            },
            "type": "div",
          },
          "type": "div",
        },
        "type": "div",
      },
    ],
    "type": "div",
  },
  Symbol(enzyme.__nodes__): Array [
    Object {
      "instance": null,
      "key": undefined,
      "nodeType": "host",
      "props": Object {
        "children": Array [
          <div
            className="bg-secondary"
>
            <div
                        className="container-fluid"
            >
                        <div
                                    className="row"
                        >
                                    <div
                                                className="col-lg-10 offset-lg-1"
                                    >
                                                <Connect(DatasetSearchBar) />
                                    </div>
                        </div>
            </div>
</div>,
          <div
            className="container-fluid my-5"
>
            <div
                        className="row"
            >
                        <div
                                    className="col-lg-10 offset-lg-1"
                        >
                                    <div
                                                className="row"
                                    >
                                                <div
                                                            className="col-lg-8"
                                                >
                                                            <div
                                                                        className="d-flex justify-content-between"
                                                            >
                                                                        <Connect(TotalDatasets) />
                                                                        <Connect(DatasetsPerPage) />
                                                            </div>
                                                            <Connect(DatasetInfoList) />
                                                            <nav
                                                                        className="my-5"
                                                            >
                                                                        <Connect(Pagination) />
                                                            </nav>
                                                </div>
                                                <div
                                                            className="col-lg-4"
                                                >
                                                            <Connect(DatasetSort) />
                                                            <Connect(FacetList) />
                                                </div>
                                    </div>
                        </div>
            </div>
</div>,
        ],
        "className": "App",
      },
      "ref": null,
      "rendered": Array [
        Object {
          "instance": null,
          "key": undefined,
          "nodeType": "host",
          "props": Object {
            "children": <div
              className="container-fluid"
>
              <div
                            className="row"
              >
                            <div
                                          className="col-lg-10 offset-lg-1"
                            >
                                          <Connect(DatasetSearchBar) />
                            </div>
              </div>
</div>,
            "className": "bg-secondary",
          },
          "ref": null,
          "rendered": Object {
            "instance": null,
            "key": undefined,
            "nodeType": "host",
            "props": Object {
              "children": <div
                className="row"
>
                <div
                                className="col-lg-10 offset-lg-1"
                >
                                <Connect(DatasetSearchBar) />
                </div>
</div>,
              "className": "container-fluid",
            },
            "ref": null,
            "rendered": Object {
              "instance": null,
              "key": undefined,
              "nodeType": "host",
              "props": Object {
                "children": <div
                  className="col-lg-10 offset-lg-1"
>
                  <Connect(DatasetSearchBar) />
</div>,
                "className": "row",
              },
              "ref": null,
              "rendered": Object {
                "instance": null,
                "key": undefined,
                "nodeType": "host",
                "props": Object {
                  "children": <Connect(DatasetSearchBar) />,
                  "className": "col-lg-10 offset-lg-1",
                },
                "ref": null,
                "rendered": Object {
                  "instance": null,
                  "key": undefined,
                  "nodeType": "class",
                  "props": Object {},
                  "ref": null,
                  "rendered": null,
                  "type": [Function],
                },
                "type": "div",
              },
              "type": "div",
            },
            "type": "div",
          },
          "type": "div",
        },
        Object {
          "instance": null,
          "key": undefined,
          "nodeType": "host",
          "props": Object {
            "children": <div
              className="row"
>
              <div
                            className="col-lg-10 offset-lg-1"
              >
                            <div
                                          className="row"
                            >
                                          <div
                                                        className="col-lg-8"
                                          >
                                                        <div
                                                                      className="d-flex justify-content-between"
                                                        >
                                                                      <Connect(TotalDatasets) />
                                                                      <Connect(DatasetsPerPage) />
                                                        </div>
                                                        <Connect(DatasetInfoList) />
                                                        <nav
                                                                      className="my-5"
                                                        >
                                                                      <Connect(Pagination) />
                                                        </nav>
                                          </div>
                                          <div
                                                        className="col-lg-4"
                                          >
                                                        <Connect(DatasetSort) />
                                                        <Connect(FacetList) />
                                          </div>
                            </div>
              </div>
</div>,
            "className": "container-fluid my-5",
          },
          "ref": null,
          "rendered": Object {
            "instance": null,
            "key": undefined,
            "nodeType": "host",
            "props": Object {
              "children": <div
                className="col-lg-10 offset-lg-1"
>
                <div
                                className="row"
                >
                                <div
                                                className="col-lg-8"
                                >
                                                <div
                                                                className="d-flex justify-content-between"
                                                >
                                                                <Connect(TotalDatasets) />
                                                                <Connect(DatasetsPerPage) />
                                                </div>
                                                <Connect(DatasetInfoList) />
                                                <nav
                                                                className="my-5"
                                                >
                                                                <Connect(Pagination) />
                                                </nav>
                                </div>
                                <div
                                                className="col-lg-4"
                                >
                                                <Connect(DatasetSort) />
                                                <Connect(FacetList) />
                                </div>
                </div>
</div>,
              "className": "row",
            },
            "ref": null,
            "rendered": Object {
              "instance": null,
              "key": undefined,
              "nodeType": "host",
              "props": Object {
                "children": <div
                  className="row"
>
                  <div
                                    className="col-lg-8"
                  >
                                    <div
                                                      className="d-flex justify-content-between"
                                    >
                                                      <Connect(TotalDatasets) />
                                                      <Connect(DatasetsPerPage) />
                                    </div>
                                    <Connect(DatasetInfoList) />
                                    <nav
                                                      className="my-5"
                                    >
                                                      <Connect(Pagination) />
                                    </nav>
                  </div>
                  <div
                                    className="col-lg-4"
                  >
                                    <Connect(DatasetSort) />
                                    <Connect(FacetList) />
                  </div>
</div>,
                "className": "col-lg-10 offset-lg-1",
              },
              "ref": null,
              "rendered": Object {
                "instance": null,
                "key": undefined,
                "nodeType": "host",
                "props": Object {
                  "children": Array [
                    <div
                      className="col-lg-8"
>
                      <div
                                            className="d-flex justify-content-between"
                      >
                                            <Connect(TotalDatasets) />
                                            <Connect(DatasetsPerPage) />
                      </div>
                      <Connect(DatasetInfoList) />
                      <nav
                                            className="my-5"
                      >
                                            <Connect(Pagination) />
                      </nav>
</div>,
                    <div
                      className="col-lg-4"
>
                      <Connect(DatasetSort) />
                      <Connect(FacetList) />
</div>,
                  ],
                  "className": "row",
                },
                "ref": null,
                "rendered": Array [
                  Object {
                    "instance": null,
                    "key": undefined,
                    "nodeType": "host",
                    "props": Object {
                      "children": Array [
                        <div
                          className="d-flex justify-content-between"
>
                          <Connect(TotalDatasets) />
                          <Connect(DatasetsPerPage) />
</div>,
                        <Connect(DatasetInfoList) />,
                        <nav
                          className="my-5"
>
                          <Connect(Pagination) />
</nav>,
                      ],
                      "className": "col-lg-8",
                    },
                    "ref": null,
                    "rendered": Array [
                      Object {
                        "instance": null,
                        "key": undefined,
                        "nodeType": "host",
                        "props": Object {
                          "children": Array [
                            <Connect(TotalDatasets) />,
                            <Connect(DatasetsPerPage) />,
                          ],
                          "className": "d-flex justify-content-between",
                        },
                        "ref": null,
                        "rendered": Array [
                          Object {
                            "instance": null,
                            "key": undefined,
                            "nodeType": "class",
                            "props": Object {},
                            "ref": null,
                            "rendered": null,
                            "type": [Function],
                          },
                          Object {
                            "instance": null,
                            "key": undefined,
                            "nodeType": "class",
                            "props": Object {},
                            "ref": null,
                            "rendered": null,
                            "type": [Function],
                          },
                        ],
                        "type": "div",
                      },
                      Object {
                        "instance": null,
                        "key": undefined,
                        "nodeType": "class",
                        "props": Object {},
                        "ref": null,
                        "rendered": null,
                        "type": [Function],
                      },
                      Object {
                        "instance": null,
                        "key": undefined,
                        "nodeType": "host",
                        "props": Object {
                          "children": <Connect(Pagination) />,
                          "className": "my-5",
                        },
                        "ref": null,
                        "rendered": Object {
                          "instance": null,
                          "key": undefined,
                          "nodeType": "class",
                          "props": Object {},
                          "ref": null,
                          "rendered": null,
                          "type": [Function],
                        },
                        "type": "nav",
                      },
                    ],
                    "type": "div",
                  },
                  Object {
                    "instance": null,
                    "key": undefined,
                    "nodeType": "host",
                    "props": Object {
                      "children": Array [
                        <Connect(DatasetSort) />,
                        <Connect(FacetList) />,
                      ],
                      "className": "col-lg-4",
                    },
                    "ref": null,
                    "rendered": Array [
                      Object {
                        "instance": null,
                        "key": undefined,
                        "nodeType": "class",
                        "props": Object {},
                        "ref": null,
                        "rendered": null,
                        "type": [Function],
                      },
                      Object {
                        "instance": null,
                        "key": undefined,
                        "nodeType": "class",
                        "props": Object {},
                        "ref": null,
                        "rendered": null,
                        "type": [Function],
                      },
                    ],
                    "type": "div",
                  },
                ],
                "type": "div",
              },
              "type": "div",
            },
            "type": "div",
          },
          "type": "div",
        },
      ],
      "type": "div",
    },
  ],
  Symbol(enzyme.__options__): Object {
    "adapter": ReactSixteenAdapter {
      "options": Object {
        "enableComponentDidUpdateOnSetState": true,
        "lifecycles": Object {
          "componentDidUpdate": Object {
            "onSetState": true,
          },
          "getSnapshotBeforeUpdate": true,
        },
      },
    },
    "attachTo": undefined,
    "hydrateIn": undefined,
  },
}
`;
